tests/test-cases/en-cpp-reference-c/cCode361.c
tests/test-cases/en-cpp-reference-c/cCode362.c
tests/test-cases/en-cpp-reference-c/cCode415.c
tests/test-cases/en-cpp-reference-c/cCode414.c
tests/test-cases/en-cpp-reference-c/cCode425.c
tests/test-cases/en-cpp-reference-c/cCode428.c
tests/test-cases/en-cpp-reference-c/cCode429.c
tests/test-cases/en-cpp-reference-c/cCode430.c
tests/test-cases/unit-tests/_Lengthof.c
tests/test-cases/unit-tests/flow_if_throw.c
tests/test-cases/unit-tests/flow_trow.c
tests/test-cases/unit-tests/flow_try_catch_leak.c
tests/test-cases/unit-tests/flow_try_catch_while.c
tests/test-cases/unit-tests/parser_if_init.c
tests/test-cases/unit-tests/parser_if_init2.c
tests/test-cases/unit-tests/parser_if_with_initializer_flow.c
tests/test-cases/unit-tests/parser_if_init3.c
tests/test-cases/unit-tests/traits2.c
tests/test-cases/unit-tests/type_is_owner.c
tests/test-cases/unit-tests/type_struct_comparison.c
tests/test-cases/unit-tests/c11_complex_numbers.c
tests/test-cases/unit-tests/edge_imaginary_numbers.c
tests/test-cases/unit-tests/c23_constexpr.c
tests/test-cases/unit-tests/edge_unicode_identifiers.c
tests/test-cases/unit-tests/edge_string_literals.c
tests/test-cases/unit-tests/edge_wide_chars.c
tests/test-cases/unit-tests/edge_character_literals.c
tests/test-cases/unit-tests/edge_asm_statements.c
